ours lr all: temperature on validation slice T=0.950
                  model  frames  per_game_ll  ref_ll_same_frames  d_vs_ours     lo     hi  brier    acc    ece   ll@5  ll@10  ll@15  ll@20  ll@25  ll@30
            ours lr all  349422       0.4339              0.4339     0.0000 0.0000 0.0000 0.1536 0.7688 0.0153 0.6031 0.5468 0.4890 0.4201 0.3367 0.3068
       ours lr no-prior  349422       0.4573              0.4339     0.0234 0.0199 0.0268 0.1621 0.7461 0.0070 0.6476 0.5730 0.5079 0.4313 0.3431 0.3095
         snapshot@10 lr   10456       0.5755              0.5486     0.0270 0.0216 0.0323 0.1972 0.6871 0.0110    NaN 0.5731    NaN    NaN    NaN    NaN
         snapshot@15 lr   10492       0.5099              0.4912     0.0187 0.0143 0.0230 0.1706 0.7431 0.0117    NaN    NaN 0.5098    NaN    NaN    NaN
    hodge per-minute lr  349422       0.4576              0.4339     0.0237 0.0201 0.0273 0.1621 0.7463 0.0075 0.6483 0.5729 0.5074 0.4327 0.3453 0.3098
      riot/aws wp (gbm)  349422       0.4613              0.4339     0.0274 0.0236 0.0313 0.1633 0.7437 0.0063 0.6530 0.5795 0.5113 0.4341 0.3469 0.3126
    riot/aws wp + prior  349422       0.4416              0.4339     0.0076 0.0057 0.0096 0.1562 0.7649 0.0182 0.6096 0.5546 0.4965 0.4284 0.3445 0.3138
                kim mlp  349422       0.4373              0.4339     0.0034 0.0025 0.0044 0.1547 0.7673 0.0177 0.6045 0.5509 0.4928 0.4254 0.3426 0.3093
kim mlp + temp (T=0.98)  349422       0.4375              0.4339     0.0036 0.0025 0.0046 0.1549 0.7673 0.0203 0.6050 0.5513 0.4934 0.4261 0.3431 0.3097
        kim mlp DU-loss  349422       0.4368              0.4339     0.0029 0.0020 0.0038 0.1544 0.7678 0.0166 0.6038 0.5504 0.4926 0.4234 0.3405 0.3094
              silva rnn  349422       0.4373              0.4339     0.0034 0.0024 0.0044 0.1547 0.7675 0.0230 0.6026 0.5474 0.4910 0.4267 0.3445 0.3115
             silva lstm  349422       0.4371              0.4339     0.0032 0.0022 0.0043 0.1546 0.7677 0.0208 0.6038 0.5491 0.4921 0.4263 0.3432 0.3081

PET slices (Junior & Campelo 2023), test games:
   pet  games  mean_min  acc ours lr all  ll ours lr all  acc gbm causal  ll gbm causal  acc gbm + PET feature  ll gbm + PET feature
0.2000  10617    6.6455           0.6767          0.6025          0.6233         0.6497                 0.6264                0.6426
0.4000  10622   13.2768           0.7345          0.5334          0.7128         0.5646                 0.7123                0.5390
0.6000  10639   19.9413           0.7969          0.4434          0.7872         0.4680                 0.7868                0.4319
0.8000  10591   26.5384           0.8756          0.2957          0.8681         0.3071                 0.8717                0.2857
