eval theta curve (sensitivity only; theta is chosen on selection months):
 theta     n  games  gross_pp  ci_lo  ci_hi
 0.000 18486   1027     1.927  0.012  3.951
 0.020 14517   1015     2.327 -0.165  4.637
 0.040 11600    992     2.668 -0.101  5.521
 0.060  9262    977     2.795 -0.234  5.966
 0.080  7283    941     3.198 -0.203  6.833
 0.100  5650    876     3.383 -0.386  7.343
 0.150  2909    667     5.327  0.152 10.634
 0.200  1456    445     7.415  0.770 14.698
 0.250   732    277     9.169  0.965 17.832
 0.300   350    167    12.687  2.096 24.912
placebo (other game same minute), theta in .1/.15/.2 x 20 draws: mean 0.488 pp, sd 0.353
               n    pp
pbin                  
(0.0, 0.2]   239 10.36
(0.2, 0.4]   715  8.11
(0.4, 0.6]  1017  3.58
(0.6, 0.8]   779  3.21
(0.8, 1.0]   159  6.84
                  n   pp
fav                     
buy favourite  1030 5.02
buy underdog   1879 5.49
            n   pp
minute            
(0, 10]   911 2.58
(10, 20]  855 5.62
(20, 30]  611 9.25
(30, 60]  532 5.06
executed print size usd: median 93.3 p25 63.9
L=0s frames sel 6547 eval 27167 comb weights [0.406 0.548]
L=5s frames sel 6528 eval 27284 comb weights [0.42 0.53]
L=15s frames sel 6538 eval 27373 comb weights [0.476 0.475]
L=30s frames sel 6547 eval 27302 comb weights [0.522 0.43 ]
L=60s frames sel 6445 eval 26761 comb weights [0.587 0.381]
L=120s frames sel 6198 eval 25819 comb weights [0.707 0.265]
  L     strat      sig     n  games  gross_pp   ci_lo  ci_hi  pre_fee_gross_pp  fee_regime_gross_pp  fee_regime_net_pp  sel_gross_pp
  0         A q_lr all 20709   1037     1.705  -0.160  3.487             0.090                2.477             -1.489           NaN
  0 B th=0.25 q_lr all   732    277     9.169   1.170 18.051             4.038               11.610              8.579        13.924
  0         A   q_gold 21359   1040    -0.852  -2.780  1.158            -0.933               -0.813             -3.772           NaN
  0 B th=0.25   q_gold  1860    454     1.082  -5.011  7.340            -2.032                1.999             -0.867         4.034
  0         A   q_comb 21168   1040    -0.097  -2.185  1.950            -0.899                0.284             -3.167           NaN
  0  B th=0.3   q_comb    33     21    -5.729 -23.111 20.081           -26.187                9.345              5.348        35.375
  5         A q_lr all 20663   1035     1.518  -0.199  3.343            -0.359                2.417             -1.503           NaN
  5 B th=0.25 q_lr all   659    251     7.986  -0.706 17.180             3.413               10.066              7.316        13.136
  5         A   q_gold 21349   1046    -0.859  -2.821  1.142            -0.976               -0.804             -3.730           NaN
  5 B th=0.25   q_gold  1833    459     0.992  -5.152  7.291            -2.059                1.858             -0.975         3.612
  5         A   q_comb 21139   1037    -0.245  -2.287  1.841            -1.312                0.261             -3.133           NaN
  5 B th=0.25   q_comb    82     50     5.453  -9.611 24.636             9.372                3.072             -0.412        31.070
 15         A q_lr all 20660   1036     1.071  -0.752  2.940            -0.847                1.988             -1.911           NaN
 15 B th=0.25 q_lr all   635    246     6.651  -2.525 16.956            -2.345               10.726              7.939        11.265
 15         A   q_gold 21454   1047    -1.062  -2.988  0.906            -1.159               -1.015             -3.892           NaN
 15  B th=0.3   q_gold   927    291     0.892  -6.926  9.456             0.467                1.004             -1.432         2.432
 15         A   q_comb 21226   1040    -0.816  -3.058  1.324            -1.999               -0.258             -3.582           NaN
 15  B th=0.2   q_comb   173     88    -8.726 -18.543  3.070            -8.934               -8.592            -11.473        30.494
 30         A q_lr all 20551   1030     0.967  -0.920  2.831            -0.832                1.832             -1.951           NaN
 30 B th=0.25 q_lr all   707    266     5.957  -1.973 14.641            -3.345               10.104              7.725         9.587
 30         A   q_gold 21384   1044    -1.013  -2.901  0.868            -1.002               -1.018             -3.833           NaN
 30  B th=0.2   q_gold  3430    632    -0.466  -5.435  4.625            -3.243                0.399             -2.337         0.751
 30         A   q_comb 21137   1037    -1.237  -3.358  0.872            -1.963               -0.892             -4.112           NaN
 30  B th=0.2   q_comb   132     73    -4.998 -15.627  6.900            -8.216               -2.699             -5.484        30.574
 60         A q_lr all 20425   1033     0.697  -1.003  2.533            -0.852                1.430             -2.204           NaN
 60  B th=0.3 q_lr all   506    255     2.042  -4.519  9.470            -3.008                4.071              1.934         8.455
 60         A   q_gold 21077   1049    -1.061  -2.919  0.739            -0.908               -1.133             -3.898           NaN
 60 B th=0.25   q_gold  2217    568    -0.679  -5.640  4.513            -5.510                0.742             -1.689         0.508
 60         A   q_comb 20750   1040    -1.307  -3.492  0.850            -1.841               -1.057             -4.256           NaN
 60 B th=0.25   q_comb    33     27    -0.384 -16.632 17.711           -14.807                5.025              1.761        36.666
120         A q_lr all 19912   1038     0.471  -0.971  1.979            -0.521                0.939             -2.475           NaN
120  B th=0.3 q_lr all   962    386     1.226  -3.089  5.789            -5.621                4.166              1.875         7.554
120         A   q_gold 20313   1045    -1.093  -2.694  0.496            -0.658               -1.298             -3.999           NaN
120 B th=0.25   q_gold  2869    691    -2.016  -5.851  1.823            -5.042               -1.024             -3.280        -0.269
120         A   q_comb 20066   1042    -1.611  -3.836  0.669            -1.577               -1.627             -4.719           NaN
120  B th=0.2   q_comb    48     38    -2.747 -17.752 14.937           -11.407                1.583             -1.880        42.554
selection: 799 markets, 5619 takers with >= 10 markets; top 50 mean in-sample pp 8.34
 L     follow       n  matches  gross_pp   ci_lo  ci_hi
 0    skilled     308       98    -2.491  -8.433  2.696
 0 all takers 1044672      553    -0.314  -0.587 -0.024
 5    skilled     308       97    -2.744  -8.726  2.485
 5 all takers 1029798      550    -0.369  -0.660 -0.078
15    skilled     242       90    -4.646 -11.549  1.788
15 all takers 1017741      544    -0.435  -0.734 -0.130
30    skilled     229       88    -4.500 -11.316  2.022
30 all takers 1007944      541    -0.470  -0.766 -0.172
60    skilled     224       84    -4.511 -13.709  3.141
60 all takers  994227      546    -0.560  -0.851 -0.273
== null seed 1
 0         A q_lr all 21778   1057     0.096  -1.614  1.805             0.118                0.085             -2.232           NaN
 0  B th=0.3 q_lr all  7717    954    -0.073  -1.633  1.781            -0.891                0.295             -0.395         0.354
== null seed 2
 0         A q_lr all 21779   1056    -0.006  -1.737  1.719             0.036               -0.026             -2.348           NaN
 0  B th=0.3 q_lr all  8021    956     0.142  -1.562  1.930            -0.735                0.529             -0.197         0.602
== null seed 3
 0         A q_lr all 21774   1056     0.153  -1.578  1.865             0.271                0.096             -2.217           NaN
 0  B th=0.3 q_lr all  7899    959     0.097  -1.625  1.944            -0.268                0.260             -0.464         0.549
== null seed 4
 0         A q_lr all 21763   1056     0.090  -1.640  1.796            -0.068                0.165             -2.151           NaN
 0  B th=0.3 q_lr all  7579    953     0.315  -1.479  2.220            -0.847                0.837              0.160         0.934
== null seed 5
 0         A q_lr all 21772   1056    -0.088  -1.837   1.597            -0.046               -0.108             -2.423           NaN
 0  B th=0.3 q_lr all  7883    957     0.010  -1.816   1.882            -0.681                0.316             -0.409         0.800
