== label_games.py raw
(22523, 54) {'y_sweep': 12743, 'y_final': 11074, 'y_pm': 1745, 'blue_is_t1': 22519}
== label_games.py
rule vs truth (in-sample for stage 1): 0.9983 16174
  vs y_pm: 0.9977 n=1745
  vs y_sweep: 0.9988 n=12709
  vs y_final: 0.9984 n=11074
series whose game-winner count matches the score: 0.9985 11091
{'sweep': 12709, 'rule': 6349, 'final': 2773, 'pm': 692}
== pregame.py
(22431, 75)
== eval_pregame.py
one-hot players: train logloss 0.5612 vs test 0.6622
train n=8932  test n=10584  intl n=310  pm-linked n=2889  blue win rate train 0.536 test 0.536
                  model  logloss  brier    auc    acc  d_vs_ref   ci_lo  ci_hi  ll_intl  ll_pm
                    0.5   0.6931 0.2500 0.5000 0.4638    0.0795  0.0712 0.0881   0.6931 0.6931
              side only   0.6905 0.2487 0.5000 0.5362    0.0768  0.0687 0.0858   0.6846 0.6909
            elo_team_16   0.6417 0.2247 0.6815 0.6305    0.0280  0.0225 0.0336   0.6695 0.6556
            elo_team_32   0.6355 0.2220 0.6910 0.6391    0.0218  0.0174 0.0261   0.6595 0.6489
            elo_team_64   0.6337 0.2212 0.6942 0.6362    0.0200  0.0160 0.0243   0.6511 0.6448
            elo_play_16   0.6345 0.2215 0.6940 0.6407    0.0208  0.0162 0.0253   0.6627 0.6398
            elo_play_32   0.6288 0.2192 0.7010 0.6446    0.0151  0.0114 0.0188   0.6605 0.6328
            elo_play_64   0.6286 0.2193 0.7007 0.6443    0.0149  0.0115 0.0185   0.6617 0.6309
                 form_5   0.6654 0.2365 0.6248 0.5904    0.0518  0.0455 0.0582   0.6737 0.6673
                form_10   0.6556 0.2320 0.6465 0.6015    0.0419  0.0361 0.0479   0.6741 0.6604
                form_20   0.6526 0.2304 0.6560 0.6092    0.0389  0.0336 0.0445   0.6710 0.6605
                    h2h   0.6873 0.2435 0.6227 0.5909    0.0736  0.0665 0.0811   0.6988 0.6878
                    exp   0.6368 0.2232 0.6810 0.6301    0.0231  0.0178 0.0285   0.6300 0.6314
                 roster   0.6899 0.2483 0.5149 0.5428    0.0763  0.0679 0.0848   0.6847 0.6887
                 rest_d   0.6906 0.2487 0.4990 0.5374    0.0769  0.0686 0.0846   0.6817 0.6914
            series_diff   0.6782 0.2426 0.5851 0.5693    0.0645  0.0575 0.0714   0.6613 0.6772
                all elo   0.6260 0.2180 0.7054 0.6464    0.0123  0.0092 0.0154   0.6525 0.6314
           all features   0.6137 0.2129 0.7202 0.6554    0.0000  0.0000 0.0000   0.6287 0.6107
                gbm all   0.6159 0.2141 0.7159 0.6542    0.0022 -0.0004 0.0048   0.6413 0.6172
one-hot players (C=0.1)   0.6622 0.2349 0.6373 0.6014    0.0485  0.0413 0.0553   0.6547 0.6556
 one-hot + elo (C=0.01)   0.6275 0.2186 0.7030 0.6493    0.0138  0.0101 0.0175   0.6610 0.6339
== ingame_data.py
(759207, 29) 22280
         size        mean          std
clock                                 
0.0     87993    7.490698   276.577481
5.0    109766   68.099257   870.097394
10.0   110549  165.840152  1756.184076
15.0   110673  336.448285  3206.604204
20.0   111425  542.177779  5143.446806
25.0   105652  577.756730  6997.049851
30.0    70810  413.976741  7325.704721
35.0    33213  303.781501  6688.208641
40.0    12869  182.419924  6122.357796
45.0     6257  264.884609  5843.262094
first frame clock/tot_gold: {'count': 22280.0, 'mean': 65.8, 'std': 3.6, 'min': 65.0, '25%': 65.0, '50%': 65.0, '75%': 65.2, 'max': 90.0} {'count': 22280.0, 'mean': 5064.0, 'std': 2001.0, 'min': 5000.0, '25%': 5000.0, '50%': 5000.0, '75%': 5005.0, 'max': 169832.0}
== eval_ingame.py
frames train 290716 test 349422; games test 10582
frames per bucket: {0: 41742, 5: 52103, 10: 52522, 15: 52545, 20: 52337, 25: 47110, 30: 30058, 35: 13524, 40: 7481}
               0m     5m    10m    15m    20m    25m    30m    35m    40m  per_game  per_frame    acc
prior      0.6266 0.6265 0.6262 0.6263 0.6272 0.6456 0.6794 0.7095 0.7383    0.6265     0.6393 0.6346
gold       0.6813 0.6281 0.5646 0.4953 0.4183 0.3531 0.3592 0.4245 0.4953    0.4798     0.5026 0.7330
gold+prior 0.6200 0.5844 0.5356 0.4778 0.4099 0.3490 0.3580 0.4254 0.4959    0.4532     0.4799 0.7574
lr all     0.6208 0.5805 0.5250 0.4603 0.3858 0.3193 0.3207 0.3710 0.4229    0.4339     0.4607 0.7688
gbm all    0.6237 0.5854 0.5314 0.4679 0.3955 0.3282 0.3333 0.3934 0.4431    0.4415     0.4689 0.7656
prior        per-game ll - gold: +0.1467 [+0.1385, +0.1552]
gold         per-game ll - gold: +0.0000 [+0.0000, +0.0000]
gold+prior   per-game ll - gold: -0.0266 [-0.0303, -0.0229]
lr all       per-game ll - gold: -0.0459 [-0.0501, -0.0418]
gbm all      per-game ll - gold: -0.0383 [-0.0430, -0.0339]
== pm_map.py
markets 1761 resolution agrees with blue_win: 0.9938 | on non-pm labels: 0.9897
== market_compare.py 0 30 60 120 300
lag 0s: frames 42452 games 1627 matches 733
  mkt            per-game ll 0.4421   minus market +0.0000 [+0.0000, +0.0000]
  q_prior        per-game ll 0.6251   minus market +0.1831 [+0.1637, +0.2023]
  q_gold         per-game ll 0.4757   minus market +0.0336 [+0.0195, +0.0465]
  q_gold+prior   per-game ll 0.4510   minus market +0.0089 [-0.0029, +0.0204]
  q_lr all       per-game ll 0.4277   minus market -0.0144 [-0.0263, -0.0033]
  q_gbm all      per-game ll 0.4388   minus market -0.0033 [-0.0163, +0.0091]
  encompass q_lr all  : w_mkt 0.488 [0.370,0.614]  w_model 0.465 [0.350,0.588]
  encompass q_gold    : w_mkt 0.815 [0.690,0.960]  w_model 0.173 [0.046,0.314]
  encompass q_prior   : w_mkt 0.924 [0.849,1.004]  w_model 0.055 [-0.093,0.227]
lag 30s: frames 42721 games 1639 matches 734
  mkt            per-game ll 0.4214   minus market +0.0000 [+0.0000, +0.0000]
  q_prior        per-game ll 0.6240   minus market +0.2025 [+0.1840, +0.2220]
  q_gold         per-game ll 0.4679   minus market +0.0464 [+0.0341, +0.0586]
  q_gold+prior   per-game ll 0.4432   minus market +0.0218 [+0.0108, +0.0321]
  q_lr all       per-game ll 0.4204   minus market -0.0010 [-0.0113, +0.0093]
  q_gbm all      per-game ll 0.4309   minus market +0.0094 [-0.0013, +0.0205]
  encompass q_lr all  : w_mkt 0.622 [0.497,0.760]  w_model 0.341 [0.219,0.461]
  encompass q_gold    : w_mkt 0.892 [0.772,1.046]  w_model 0.078 [-0.063,0.195]
  encompass q_prior   : w_mkt 0.935 [0.864,1.020]  w_model 0.047 [-0.110,0.222]
lag 60s: frames 42798 games 1661 matches 743
  mkt            per-game ll 0.4076   minus market +0.0000 [+0.0000, +0.0000]
  q_prior        per-game ll 0.6227   minus market +0.2150 [+0.1954, +0.2336]
  q_gold         per-game ll 0.4636   minus market +0.0559 [+0.0447, +0.0671]
  q_gold+prior   per-game ll 0.4392   minus market +0.0316 [+0.0221, +0.0418]
  q_lr all       per-game ll 0.4152   minus market +0.0076 [-0.0025, +0.0177]
  q_gbm all      per-game ll 0.4257   minus market +0.0180 [+0.0079, +0.0292]
  encompass q_lr all  : w_mkt 0.689 [0.583,0.810]  w_model 0.279 [0.169,0.386]
  encompass q_gold    : w_mkt 0.913 [0.803,1.028]  w_model 0.047 [-0.076,0.169]
  encompass q_prior   : w_mkt 0.932 [0.868,1.006]  w_model 0.052 [-0.103,0.181]
lag 120s: frames 42685 games 1665 matches 745
  mkt            per-game ll 0.3898   minus market +0.0000 [+0.0000, +0.0000]
  q_prior        per-game ll 0.6220   minus market +0.2322 [+0.2130, +0.2516]
  q_gold         per-game ll 0.4668   minus market +0.0770 [+0.0657, +0.0883]
  q_gold+prior   per-game ll 0.4430   minus market +0.0531 [+0.0426, +0.0633]
  q_lr all       per-game ll 0.4186   minus market +0.0287 [+0.0190, +0.0385]
  q_gbm all      per-game ll 0.4285   minus market +0.0387 [+0.0278, +0.0496]
  encompass q_lr all  : w_mkt 0.791 [0.695,0.896]  w_model 0.183 [0.084,0.281]
  encompass q_gold    : w_mkt 0.941 [0.845,1.051]  w_model 0.006 [-0.109,0.122]
  encompass q_prior   : w_mkt 0.933 [0.864,1.003]  w_model 0.047 [-0.099,0.196]
lag 300s: frames 42607 games 1703 matches 762
  mkt            per-game ll 0.3385   minus market +0.0000 [+0.0000, +0.0000]
  q_prior        per-game ll 0.6235   minus market +0.2850 [+0.2660, +0.3051]
  q_gold         per-game ll 0.4696   minus market +0.1311 [+0.1196, +0.1418]
  q_gold+prior   per-game ll 0.4460   minus market +0.1076 [+0.0961, +0.1183]
  q_lr all       per-game ll 0.4218   minus market +0.0834 [+0.0724, +0.0939]
  q_gbm all      per-game ll 0.4342   minus market +0.0958 [+0.0836, +0.1076]
  encompass q_lr all  : w_mkt 0.897 [0.822,0.972]  w_model 0.089 [0.013,0.166]
  encompass q_gold    : w_mkt 0.966 [0.895,1.056]  w_model -0.025 [-0.106,0.072]
  encompass q_prior   : w_mkt 0.947 [0.884,1.022]  w_model 0.039 [-0.126,0.213]
== backtest.py 0 5 15 30 60 120
Traceback (most recent call last):
  File "/home/aimer/fyp/esports/src/backtest.py", line 158, in <module>
    main([int(x) for x in sys.argv[1:]] or [0, 5, 15, 30, 60])
  File "/home/aimer/fyp/esports/src/backtest.py", line 126, in main
    q = quotes(fr, fills, L)
        ^^^^^^^^^^^^^^^^^^^^
  File "/home/aimer/fyp/esports/src/backtest.py", line 77, in quotes
    res[side] = np.where((i >= 0) & (t - ts[np.clip(i, 0, None)] <= 60), p[np.clip(i, 0, None)], np.nan)
                                         ~~^^^^^^^^^^^^^^^^^^^^^
IndexError: index 0 is out of bounds for axis 0 with size 0
FAILED: backtest.py 0 5 15 30 60 120
